1 mol 2.0 361.4 -0.02945 5.24 0.96 False
1 blind 0.5 0.0 0.00148 4.72 6.77 False
1 blind 1.0 0.0 0.00944 4.35 0.0 False
1 mol 1.0 0.0 0.00708 5.3 2.39 False
1 mol 0.5 0.0 0.0062 3.79 2.64 False
1 sigma 0.5 0.0 0.04376 10.45 5.06 False
1 blind 2.0 0.0 0.00642 4.83 1.88 False
1 sigma 1.0 0.0 0.00096 5.85 0.0 False
1 sigma 2.0 180.7 0.07077 5.85 2.12 False
2 mol 0.5 0.0 -0.00108 7.21 0.0 False
2 blind 0.5 0.0 0.0346 14.79 11.73 False
2 mol 1.0 0.0 -0.0054 5.92 0.0 False
2 mol 2.0 361.4 -0.04674 6.46 1.16 False
2 blind 1.0 0.0 0.00436 5.06 0.0 False
2 sigma 2.0 361.4 -0.09977 17.6 3.98 False
2 blind 2.0 180.7 0.02814 4.88 1.92 False
2 sigma 1.0 0.0 0.0021 6.87 0.0 False
2 sigma 0.5 0.0 0.00894 4.29 0.0 False
3 sigma 1.0 0.0 0.00428 4.13 1.81 False
3 mol 2.0 361.4 0.05222 3.21 0.4 True
3 blind 0.5 0.0 0.00393 3.21 2.13 False
3 sigma 0.5 0.0 0.00849 3.92 2.63 False
3 blind 2.0 0.0 0.00347 4.29 0.0 False
3 mol 1.0 0.0 0.00283 4.15 4.74 False
3 blind 1.0 0.0 0.00879 4.15 0.0 True
3 sigma 2.0 361.4 -0.02607 5.05 0.96 False
3 mol 0.5 0.0 0.00218 3.86 0.0 True
4 sigma 1.0 0.0 0.00838 3.95 2.6 False
4 sigma 2.0 180.7 0.00842 27.68 18.29 False
4 blind 0.5 0.0 -0.00391 17.82 3.55 False
4 blind 1.0 0.0 -0.0043 6.13 1.23 False
4 blind 2.0 0.0 -0.00059 5.61 2.47 False
4 mol 2.0 361.4 -0.07387 6.02 0.67 False
4 sigma 0.5 0.0 0.00866 5.17 0.0 False
4 mol 1.0 0.0 -0.00235 5.3 1.76 False
4 mol 0.5 0.0 -0.00125 6.38 3.55 False
5 sigma 2.0 361.4 -0.088 5.46 0.77 False
5 mol 0.5 0.0 0.00544 5.07 2.14 False
5 sigma 1.0 0.0 0.00776 5.17 0.0 False
5 sigma 0.5 0.0 0.00293 4.87 2.1 False
5 blind 2.0 180.7 0.03194 4.75 0.68 False
5 blind 1.0 0.0 0.00614 4.78 5.01 False
5 blind 0.5 0.0 0.0041 3.87 0.0 True
5 mol 2.0 180.7 0.06242 3.59 0.49 True
5 mol 1.0 0.0 0.00155 4.84 0.0 False
6 mol 2.0 361.4 -0.04508 5.48 0.81 False
6 blind 2.0 0.0 0.00159 3.9 0.0 True
6 mol 0.5 0.0 0.00296 4.43 0.0 False
6 mol 1.0 0.0 0.01756 3.97 3.46 False
6 sigma 0.5 0.0 -0.00371 28.1 15.79 False
6 sigma 2.0 180.7 -0.08041 24.66 11.57 False
6 blind 0.5 0.0 0.0258 26.01 19.71 False
6 blind 1.0 0.0 -0.03359 22.58 2.17 False
6 sigma 1.0 0.0 0.01465 4.12 1.68 False
7 sigma 1.0 0.0 -0.03466 16.15 2.97 False
7 blind 0.5 0.0 0.00195 7.76 1.71 False
7 blind 1.0 0.0 -0.00217 4.91 0.0 False
7 mol 1.0 0.0 0.00308 6.38 2.44 False
7 sigma 0.5 0.0 0.00472 5.55 2.34 False
7 blind 2.0 0.0 0.00077 5.88 2.13 False
7 mol 0.5 0.0 0.00369 5.44 4.58 False
7 sigma 2.0 180.7 0.02946 5.5 0.57 False
7 mol 2.0 0.0 0.04351 4.76 1.32 False
8 mol 1.0 0.0 0.00191 5.28 0.0 False
8 sigma 2.0 180.7 -0.00447 5.65 0.57 False
8 blind 0.5 0.0 0.0004 6.39 2.23 False
8 sigma 0.5 0.0 0.01213 5.28 0.0 False
8 blind 1.0 0.0 0.01008 4.61 0.0 False
8 sigma 1.0 0.0 -0.00312 28.08 15.97 False
8 blind 2.0 0.0 -0.00517 10.02 3.04 False
8 mol 2.0 180.7 -0.01452 6.62 0.77 False
8 mol 0.5 0.0 0.02823 8.51 8.65 False
9 mol 0.5 0.0 0.01743 3.79 0.0 False
9 blind 0.5 0.0 -0.00805 9.19 1.84 False
9 mol 1.0 0.0 0.24881 20.44 18.2 False
9 sigma 0.5 0.0 -0.01284 12.6 3.37 False
9 blind 2.0 0.0 0.01115 4.97 0.0 False
9 sigma 1.0 0.0 0.00309 13.7 5.83 False
9 sigma 2.0 180.7 -0.00256 8.2 1.17 False
9 mol 2.0 180.7 0.00148 4.61 1.79 False
9 blind 1.0 0.0 0.00152 4.18 0.0 False
10 mol 2.0 180.7 -0.00449 9.38 3.62 False
10 sigma 2.0 180.7 -0.0364 5.64 0.7 False
10 blind 1.0 0.0 0.0248 8.58 5.27 False
10 sigma 1.0 0.0 0.00264 4.84 2.28 False
10 blind 2.0 180.7 0.00408 3.93 0.0 True
10 mol 1.0 0.0 -0.0006 4.52 0.0 False
10 mol 0.5 0.0 0.00985 4.13 0.0 False
10 blind 0.5 0.0 0.00764 4.22 1.9 False
10 sigma 0.5 0.0 -0.00151 4.07 0.0 True
11 sigma 2.0 180.7 0.01006 4.61 1.5 False
11 blind 0.5 0.0 -0.00169 4.84 1.79 False
11 sigma 0.5 0.0 0.0041 3.2 0.0 False
11 sigma 1.0 0.0 0.00027 3.36 0.0 True
11 mol 2.0 180.7 0.01047 3.43 0.0 True
11 mol 1.0 0.0 0.00043 3.21 0.0 True
11 mol 0.5 0.0 0.00266 3.22 0.0 True
11 blind 2.0 0.0 -0.00051 3.14 0.0 True
11 blind 1.0 0.0 0.00442 3.22 0.0 True
12 blind 0.5 0.0 0.01194 4.94 1.34 False
12 sigma 0.5 0.0 -0.00098 5.54 0.0 False
12 mol 0.5 0.0 -0.00657 11.28 1.69 False
12 sigma 1.0 0.0 0.01832 12.58 8.59 False
12 sigma 2.0 180.7 0.05179 2.89 0.0 True
12 blind 2.0 0.0 0.0044 3.16 0.0 True
12 mol 2.0 180.7 0.0172 2.81 0.0 True
12 mol 1.0 0.0 -0.00121 2.78 2.13 False
12 blind 1.0 0.0 0.00201 3.6 0.0 True
13 mol 0.5 0.0 0.00264 3.38 2.14 False
13 sigma 0.5 0.0 0.00578 4.58 0.0 False
13 sigma 2.0 180.7 -0.00039 3.92 0.0 True
13 blind 1.0 0.0 0.00422 4.82 2.47 False
13 sigma 1.0 0.0 0.0015 5.46 0.0 False
13 blind 0.5 0.0 0.00769 3.04 2.09 False
13 mol 2.0 180.7 0.01506 2.77 0.0 True
13 blind 2.0 0.0 0.00189 3.32 1.84 False
13 mol 1.0 0.0 0.00608 3.2 0.0 True
14 blind 2.0 0.0 0.0077 3.11 2.14 False
14 sigma 0.5 0.0 0.00306 3.1 0.0 True
14 blind 1.0 0.0 0.01032 4.16 2.59 False
14 mol 1.0 0.0 -0.00036 4.87 0.0 False
14 blind 0.5 0.0 0.00282 3.85 1.98 False
14 mol 2.0 180.7 0.04778 22.25 13.93 False
14 sigma 2.0 180.7 -0.13715 25.72 4.06 False
14 mol 0.5 0.0 -0.00947 13.84 1.72 False
14 sigma 1.0 0.0 0.08185 25.48 19.04 False
15 blind 2.0 180.7 0.01353 27.85 18.48 False
15 sigma 2.0 180.7 0.02334 27.12 17.11 False
15 blind 0.5 0.0 -0.00771 11.35 3.32 False
15 sigma 1.0 0.0 0.01531 20.01 14.76 False
15 blind 1.0 0.0 -0.00166 5.42 0.0 False
15 mol 2.0 180.7 0.01433 11.71 6.88 False
15 mol 1.0 0.0 0.00714 20.64 13.71 False
15 sigma 0.5 0.0 0.0019 3.16 0.0 True
15 mol 0.5 0.0 0.00357 3.18 2.02 False
16 blind 2.0 0.0 0.00449 3.37 2.14 False
16 sigma 0.5 0.0 0.0068 3.06 0.0 True
16 mol 1.0 0.0 0.00402 3.21 0.0 True
16 sigma 1.0 0.0 0.00368 3.05 0.0 True
16 blind 0.5 0.0 0.00402 4.56 2.2 False
16 sigma 2.0 180.7 0.00553 3.98 0.0 True
16 mol 0.5 0.0 0.00352 4.42 1.83 False
16 blind 1.0 0.0 0.00139 4.76 1.81 False
16 mol 2.0 180.7 0.00408 3.83 0.0 False
17 mol 0.5 0.0 0.00079 3.23 0.0 True
17 sigma 1.0 0.0 0.00312 3.36 0.0 True
17 sigma 0.5 0.0 0.0063 3.07 0.0 True
17 mol 1.0 0.0 0.00205 3.14 0.0 True
17 mol 2.0 180.7 0.01508 3.1 0.56 False
17 sigma 2.0 180.7 0.04755 2.89 1.15 False
17 blind 1.0 0.0 0.03944 5.67 6.05 False
17 blind 0.5 0.0 0.00297 5.21 1.8 False
17 blind 2.0 0.0 0.00367 15.33 5.66 False
18 mol 1.0 0.0 0.04777 12.01 11.22 False
18 blind 0.5 0.0 -0.0449 24.39 0.0 False
18 sigma 0.5 0.0 0.00604 4.85 0.0 False
18 blind 1.0 0.0 0.02705 11.25 1.14 False
18 blind 2.0 180.7 0.00557 5.45 0.0 False
18 mol 0.5 0.0 0.00167 3.02 0.0 True
18 mol 2.0 180.7 0.01121 3.28 0.0 True
18 sigma 1.0 0.0 0.00075 2.91 0.0 True
18 sigma 2.0 180.7 0.00575 3.44 0.56 False
19 blind 2.0 0.0 0.00699 2.91 0.0 True
19 mol 2.0 180.7 0.01642 2.97 0.0 True
19 blind 0.5 0.0 0.0019 4.15 0.0 False
19 sigma 2.0 180.7 0.01422 3.92 0.56 False
19 mol 0.5 0.0 0.00249 4.5 2.22 False
19 blind 1.0 0.0 0.00887 4.61 0.0 False
19 mol 1.0 0.0 0.00316 5.48 0.0 False
19 sigma 1.0 0.0 0.00468 3.13 0.0 True
19 sigma 0.5 0.0 0.00703 2.97 4.48 False
20 sigma 1.0 0.0 0.00636 3.22 0.0 True
20 blind 1.0 0.0 0.00576 3.31 2.17 False
20 mol 0.5 0.0 0.00149 3.19 0.0 True
20 blind 2.0 0.0 0.00636 3.09 0.0 True
20 sigma 0.5 0.0 0.01299 3.82 2.49 False
20 blind 0.5 0.0 -0.00028 4.86 1.9 False
20 mol 2.0 0.0 0.22364 4.37 19.71 False
20 mol 1.0 0.0 0.0553 8.07 5.33 False
20 sigma 2.0 180.7 -0.02961 8.68 1.1 False
21 mol 1.0 0.0 0.00845 3.0 0.0 True
21 sigma 1.0 0.0 0.00961 2.82 2.13 False
21 sigma 0.5 0.0 0.00312 3.23 2.27 False
21 blind 1.0 0.0 0.00744 3.25 0.0 True
21 blind 2.0 0.0 0.00347 3.11 0.0 True
21 mol 0.5 0.0 0.00719 3.14 2.05 False
21 mol 2.0 180.7 0.01211 4.3 0.7 False
21 blind 0.5 0.0 0.00312 4.01 0.0 True
21 sigma 2.0 180.7 -0.01202 4.47 1.03 False
22 mol 2.0 180.7 0.02781 4.79 1.15 False
22 blind 0.5 0.0 0.00178 3.56 0.0 False
22 blind 2.0 0.0 0.02418 3.07 0.0 True
22 sigma 1.0 0.0 0.00688 3.22 0.0 True
22 blind 1.0 0.0 0.00044 3.02 2.29 False
22 mol 1.0 0.0 0.00217 2.98 0.0 True
22 sigma 0.5 0.0 0.00732 3.2 0.0 True
22 mol 0.5 0.0 -0.0001 3.11 0.0 True
22 sigma 2.0 180.7 0.01913 5.51 1.12 False
23 blind 0.5 0.0 0.00877 4.27 0.0 False
23 mol 2.0 180.7 -0.0452 10.45 0.56 False
23 blind 1.0 0.0 0.00195 10.86 5.02 False
23 mol 0.5 0.0 0.00502 3.14 0.0 True
23 sigma 2.0 180.7 0.01143 2.99 1.2 False
23 blind 2.0 180.7 0.01591 3.17 0.0 True
23 sigma 0.5 0.0 0.00352 2.98 0.0 True
23 sigma 1.0 0.0 0.00754 2.97 0.0 True
23 mol 1.0 0.0 0.0062 3.05 0.0 True
24 mol 0.5 0.0 0.00274 4.06 0.0 False
24 sigma 0.5 0.0 0.00187 3.71 0.0 True
24 blind 1.0 0.0 0.01152 4.41 2.47 False
24 mol 1.0 0.0 0.00334 4.08 0.0 False
24 mol 2.0 180.7 0.03804 5.31 1.74 False
24 blind 2.0 0.0 -0.00104 4.28 0.0 False
24 sigma 1.0 0.0 0.00133 3.26 4.6 False
24 sigma 2.0 180.7 0.01101 3.03 0.0 True
24 blind 0.5 0.0 0.00253 3.07 1.82 False
25 mol 2.0 180.7 0.01767 3.12 0.58 False
25 mol 1.0 0.0 0.02609 2.98 0.0 True
25 blind 2.0 0.0 0.00766 2.9 0.0 True
25 blind 1.0 0.0 0.01577 4.5 1.88 False
25 mol 0.5 0.0 0.00379 5.18 0.0 False
25 sigma 2.0 180.7 0.00571 13.85 3.78 False
25 sigma 1.0 0.0 -0.00191 17.97 2.52 False
25 sigma 0.5 0.0 0.00158 3.13 0.0 True
25 blind 0.5 0.0 0.00164 3.12 2.18 False
26 sigma 2.0 180.7 0.0098 3.11 0.0 True
26 sigma 1.0 0.0 0.00284 3.17 2.2 False
26 blind 0.5 0.0 0.00103 3.18 0.0 True
26 sigma 0.5 0.0 0.00524 3.29 0.0 True
26 mol 2.0 0.0 0.04049 4.61 0.0 False
26 mol 1.0 0.0 0.00648 3.87 4.65 False
26 blind 1.0 0.0 0.00796 4.32 2.51 False
26 blind 2.0 180.7 0.00682 5.41 2.3 False
26 mol 0.5 0.0 0.00852 3.06 0.0 True
27 mol 0.5 0.0 0.00107 3.02 0.0 True
27 blind 0.5 0.0 0.00589 3.01 0.0 True
27 mol 2.0 180.7 0.00954 3.0 0.0 True
27 blind 2.0 180.7 0.01348 3.18 0.0 True
27 sigma 0.5 0.0 0.00098 3.43 2.27 False
27 sigma 1.0 0.0 0.00036 3.34 0.0 True
27 sigma 2.0 180.7 0.04059 4.54 1.09 False
27 mol 1.0 0.0 -0.00149 4.51 0.0 False
27 blind 1.0 0.0 -0.00556 28.08 16.56 False
28 blind 1.0 0.0 1e-05 21.56 11.64 False
28 mol 0.5 0.0 -0.0052 7.25 1.84 False
28 sigma 0.5 0.0 -0.00156 5.83 1.31 False
28 mol 2.0 180.7 0.04241 4.91 1.14 False
28 blind 2.0 0.0 0.02493 27.85 19.44 False
28 blind 0.5 0.0 -0.0124 25.77 11.56 False
28 mol 1.0 0.0 -0.03503 15.18 1.61 False
28 sigma 2.0 180.7 0.02126 7.59 0.57 False
28 sigma 1.0 0.0 -0.08032 18.86 3.48 False
29 mol 0.5 0.0 0.00363 5.42 0.0 False
29 blind 1.0 0.0 0.02885 14.42 12.64 False
29 sigma 0.5 0.0 0.01509 12.4 5.38 False
29 blind 0.5 0.0 -0.03021 8.62 1.06 False
29 mol 2.0 180.7 0.04709 7.16 4.87 False
29 mol 1.0 0.0 -0.00171 4.72 2.14 False
29 sigma 2.0 180.7 0.00931 3.36 0.0 True
29 sigma 1.0 0.0 0.00241 3.12 0.0 True
29 blind 2.0 0.0 0.00343 2.88 0.0 True
30 sigma 2.0 180.7 0.0071 3.26 1.16 False
30 mol 2.0 180.7 0.01756 3.25 0.0 True
30 mol 0.5 0.0 0.00503 2.87 2.18 False
30 sigma 1.0 0.0 0.00468 4.04 2.31 False
30 blind 0.5 0.0 0.00044 4.53 1.75 False
30 sigma 0.5 0.0 0.0137 4.09 1.06 False
30 blind 1.0 0.0 -0.00482 5.63 0.0 False
30 mol 1.0 0.0 0.00761 3.34 0.0 True
30 blind 2.0 180.7 0.0128 3.18 0.0 True
31 mol 1.0 0.0 0.00696 3.01 2.28 False
31 sigma 2.0 180.7 0.01092 3.31 0.0 True
31 mol 2.0 180.7 0.0324 3.03 1.11 False
31 blind 0.5 0.0 0.00708 3.03 0.0 True
31 sigma 1.0 0.0 0.00364 3.46 2.48 False
31 mol 0.5 0.0 0.00125 4.58 2.14 False
31 blind 2.0 0.0 0.00264 4.12 0.0 False
31 blind 1.0 0.0 0.02451 9.79 5.49 False
31 sigma 0.5 0.0 0.00338 3.14 0.0 True
32 mol 1.0 0.0 0.00536 3.22 0.0 True
32 mol 2.0 180.7 0.00708 3.1 0.0 True
32 sigma 0.5 0.0 0.00835 2.91 0.0 True
32 blind 1.0 0.0 0.00084 3.09 0.0 True
32 blind 0.5 0.0 0.00951 3.11 0.0 True
32 sigma 2.0 180.7 0.01808 4.16 1.13 False
32 blind 2.0 0.0 0.00862 4.28 0.0 False
32 mol 0.5 0.0 0.00391 4.16 2.06 False
32 sigma 1.0 0.0 -0.00291 5.5 1.87 False
33 sigma 0.5 0.0 0.00788 3.1 0.0 True
33 mol 1.0 0.0 0.00486 3.34 0.0 True
33 mol 2.0 180.7 0.01112 3.26 0.0 True
33 sigma 1.0 0.0 0.00245 3.07 2.16 False
33 blind 1.0 0.0 0.00158 3.28 0.0 True
33 blind 2.0 0.0 0.00625 3.39 0.0 True
33 blind 0.5 0.0 0.00992 3.72 0.0 True
33 mol 0.5 0.0 -0.00084 5.53 2.23 False
33 sigma 2.0 180.7 0.00309 4.03 0.0 False
34 mol 0.5 0.0 0.00584 2.88 0.0 True
34 sigma 2.0 180.7 0.03386 3.29 1.14 False
34 blind 0.5 0.0 0.01841 27.28 17.94 False
34 blind 1.0 0.0 0.01181 27.7 17.15 False
34 sigma 1.0 0.0 -0.01817 25.39 11.54 False
34 sigma 0.5 0.0 0.02968 6.18 3.32 False
34 mol 1.0 0.0 0.00138 5.71 1.73 False
34 mol 2.0 0.0 0.14016 8.13 19.0 False
34 blind 2.0 180.7 0.01149 27.65 18.16 False
35 sigma 0.5 0.0 0.0042 27.69 19.02 False
35 mol 1.0 0.0 0.02147 27.54 18.06 False
35 mol 0.5 0.0 0.00081 27.74 15.99 False
35 blind 1.0 0.0 -0.00903 19.53 10.1 False
35 sigma 2.0 0.0 0.05356 7.64 2.94 False
35 sigma 1.0 0.0 0.00211 5.93 0.0 False
35 blind 0.5 0.0 -0.00437 8.14 0.0 False
35 mol 2.0 180.7 -0.00145 14.38 5.54 False
35 blind 2.0 0.0 0.01592 2.45 1.65 False
36 sigma 1.0 0.0 0.01136 2.53 2.04 False
36 mol 0.5 0.0 0.00621 2.47 2.01 False
36 blind 2.0 0.0 0.0446 2.44 1.55 False
36 mol 1.0 0.0 0.00761 2.49 2.14 False
36 blind 0.5 0.0 0.01332 2.48 2.19 False
36 sigma 2.0 0.0 0.04715 2.43 1.44 False
36 blind 1.0 0.0 0.01211 2.34 0.0 False
36 sigma 0.5 0.0 0.0076 2.46 1.97 False
36 mol 2.0 0.0 0.04443 2.45 0.72 False
37 mol 1.0 0.0 0.01016 2.44 0.0 False
37 blind 2.0 0.0 0.01063 2.49 0.0 False
37 blind 0.5 0.0 0.01008 2.39 0.0 False
37 blind 1.0 0.0 0.00585 2.38 2.02 False
37 mol 0.5 0.0 0.00078 3.33 0.0 False
37 sigma 2.0 180.7 0.02156 3.18 0.78 False
37 mol 2.0 180.7 0.00903 3.19 0.0 True
37 sigma 0.5 0.0 0.00388 3.1 2.29 False
37 sigma 1.0 0.0 0.0247 5.76 3.13 False
38 mol 0.5 0.0 0.01104 3.26 1.92 False
38 sigma 2.0 180.7 0.01948 5.24 0.0 False
38 sigma 1.0 0.0 -0.00437 9.75 2.25 False
38 mol 1.0 0.0 -0.01843 12.4 0.0 False
38 sigma 0.5 0.0 0.0022 3.65 0.0 True
38 mol 2.0 180.7 0.0177 2.82 0.0 True
38 blind 1.0 0.0 0.00153 3.28 0.0 True
38 blind 2.0 180.7 0.01779 3.01 0.0 True
38 blind 0.5 0.0 0.00013 3.61 0.0 True
39 sigma 2.0 180.7 0.00827 3.07 0.0 True
39 mol 2.0 180.7 0.01526 4.6 2.36 False
39 blind 0.5 0.0 0.00467 3.94 0.0 True
39 blind 1.0 0.0 0.00541 4.39 3.61 False
39 sigma 1.0 0.0 0.00068 4.56 0.0 False
39 sigma 0.5 0.0 -0.00018 4.95 1.83 False
39 blind 2.0 0.0 -0.00237 5.49 1.78 False
39 mol 1.0 0.0 0.06507 5.87 16.86 False
39 mol 0.5 0.0 -0.00543 7.77 0.0 False
40 blind 2.0 0.0 0.00478 3.47 0.0 True
40 mol 2.0 180.7 0.01487 5.36 1.14 False
40 mol 0.5 0.0 -0.00164 23.77 14.49 False
40 mol 1.0 0.0 -0.01332 16.43 2.11 False
40 blind 0.5 0.0 -0.00075 4.83 3.32 False
40 sigma 2.0 0.0 0.07521 17.62 17.5 False
40 sigma 1.0 0.0 0.02911 19.27 15.39 False
40 sigma 0.5 0.0 -0.00441 7.98 4.04 False
40 blind 1.0 0.0 0.00931 6.35 1.74 False
