{
 "refusal_quantile": 0.5,
 "replay": [
  {
   "r": 0.1,
   "precision": 1.0,
   "recall": 1.0,
   "refusals": 180
  },
  {
   "r": 0.25,
   "precision": 1.0,
   "recall": 1.0,
   "refusals": 180
  },
  {
   "r": 0.5,
   "precision": 1.0,
   "recall": 1.0,
   "refusals": 180
  },
  {
   "r": 0.75,
   "precision": 1.0,
   "recall": 1.0,
   "refusals": 180
  },
  {
   "r": 0.9,
   "precision": 1.0,
   "recall": 1.0,
   "refusals": 180
  }
 ],
 "step_floor": 0.03835108920673284,
 "close_reserve": 0.04032589750030719,
 "est_j_per_cycle": 4.286091386773353e-09
}
