1 mol 2.0 4758.1 0.0635
1 blind 0.5 180.7 0.016
1 blind 1.0 466.0 0.0249
1 mol 1.0 1340.9 0.0391
1 mol 0.5 180.7 0.0195
1 sigma 0.5 180.7 0.0213
1 blind 2.0 3157.2 0.0334
1 sigma 1.0 1293.3 0.0495
1 sigma 2.0 4932.4 0.0643
2 mol 0.5 180.7 0.0196
2 blind 0.5 0.0 0.0147
2 mol 1.0 494.5 0.0455
2 mol 2.0 4758.1 0.0612
2 blind 1.0 865.4 0.0235
2 sigma 2.0 4932.4 0.061
2 blind 2.0 3062.1 0.0385
2 sigma 1.0 1657.9 0.0383
2 sigma 0.5 180.7 0.0219
3 sigma 1.0 1813.2 0.0396
3 mol 2.0 4758.1 0.0579
3 blind 0.5 0.0 0.0121
3 sigma 0.5 180.7 0.0218
3 blind 2.0 3841.9 0.0507
3 mol 1.0 643.5 0.0507
3 blind 1.0 329.7 0.0352
3 sigma 2.0 4751.7 0.0656
3 mol 0.5 0.0 0.0199
4 sigma 1.0 1455.0 0.0439
4 sigma 2.0 4751.7 0.0664
4 blind 0.5 180.7 0.0162
4 blind 1.0 938.3 0.0224
4 blind 2.0 2941.7 0.0363
4 mol 2.0 4577.4 0.0672
4 sigma 0.5 180.7 0.0215
4 mol 1.0 1477.2 0.0404
4 mol 0.5 180.7 0.0189
5 sigma 2.0 5094.1 0.0713
5 mol 0.5 0.0 0.0201
5 sigma 1.0 1791.0 0.0487
5 sigma 0.5 180.7 0.0214
5 blind 2.0 2608.8 0.0268
5 blind 1.0 637.2 0.0263
5 blind 0.5 0.0 0.0208
5 mol 2.0 4577.4 0.0773
5 mol 1.0 1185.6 0.0401
6 mol 2.0 4577.4 0.0732
6 blind 2.0 3173.1 0.0504
6 mol 0.5 180.7 0.0197
6 mol 1.0 938.3 0.0493
6 sigma 0.5 180.7 0.0217
6 sigma 2.0 4932.4 0.0755
6 blind 0.5 180.7 0.0237
6 blind 1.0 491.3 0.0313
6 sigma 1.0 1439.1 0.0479
7 sigma 1.0 1645.2 0.0408
7 blind 0.5 0.0 0.0111
7 blind 1.0 485.0 0.0309
7 mol 1.0 1112.6 0.0464
7 sigma 0.5 0.0 0.0221
7 blind 2.0 2944.9 0.041
7 mol 0.5 180.7 0.0195
7 sigma 2.0 4751.7 0.0633
7 mol 2.0 4758.1 0.0676
8 mol 1.0 966.8 0.0449
8 sigma 2.0 4932.4 0.0637
8 blind 0.5 0.0 0.0161
8 sigma 0.5 180.7 0.0214
8 blind 1.0 320.2 0.0328
8 sigma 1.0 2152.4 0.0398
8 blind 2.0 3150.9 0.0299
8 mol 2.0 4577.4 0.0596
8 mol 0.5 0.0 0.0199
9 mol 0.5 180.7 0.0194
9 blind 0.5 0.0 0.0167
9 mol 1.0 1331.4 0.0462
9 sigma 0.5 0.0 0.0222
9 blind 2.0 2646.9 0.0242
9 sigma 1.0 1077.8 0.0497
9 sigma 2.0 4751.7 0.0697
9 mol 2.0 4758.1 0.0629
9 blind 1.0 649.8 0.0312
10 mol 2.0 4577.4 0.0767
10 sigma 2.0 4751.7 0.0756
10 blind 1.0 789.3 0.0369
10 sigma 1.0 1464.5 0.0474
10 blind 2.0 3325.3 0.0361
10 mol 1.0 1293.3 0.0499
10 mol 0.5 180.7 0.0193
10 blind 0.5 0.0 0.0153
10 sigma 0.5 0.0 0.0221
11 sigma 2.0 4751.7 0.0652
11 blind 0.5 0.0 0.0123
11 sigma 0.5 0.0 0.0221
11 sigma 1.0 1451.8 0.0405
11 mol 2.0 4758.1 0.0601
11 mol 1.0 1144.3 0.046
11 mol 0.5 180.7 0.0193
11 blind 2.0 2688.1 0.0352
11 blind 1.0 992.2 0.0191
12 blind 0.5 0.0 0.0133
12 sigma 0.5 180.7 0.0213
12 mol 0.5 180.7 0.0194
12 sigma 1.0 1423.3 0.0467
12 sigma 2.0 4932.4 0.0744
12 blind 2.0 2282.3 0.0216
12 mol 2.0 4577.4 0.0639
12 mol 1.0 970.0 0.0439
12 blind 1.0 976.3 0.0313
13 mol 0.5 0.0 0.02
13 sigma 0.5 0.0 0.022
13 sigma 2.0 4751.7 0.0695
13 blind 1.0 168.0 0.0206
13 sigma 1.0 1480.4 0.0473
13 blind 0.5 0.0 0.0141
13 mol 2.0 4577.4 0.0646
13 blind 2.0 2659.6 0.0263
13 mol 1.0 789.3 0.0485
14 blind 2.0 3144.6 0.033
14 sigma 0.5 0.0 0.0219
14 blind 1.0 142.6 0.0186
14 mol 1.0 798.8 0.0504
14 blind 0.5 0.0 0.0122
14 mol 2.0 4577.4 0.0748
14 sigma 2.0 4751.7 0.0662
14 mol 0.5 180.7 0.0193
14 sigma 1.0 1299.7 0.0475
15 blind 2.0 3705.6 0.0541
15 sigma 2.0 4751.7 0.0563
15 blind 0.5 0.0 0.0135
15 sigma 1.0 1122.2 0.0486
15 blind 1.0 1290.2 0.0295
15 mol 2.0 4758.1 0.0606
15 mol 1.0 1299.7 0.0414
15 sigma 0.5 180.7 0.0217
15 mol 0.5 0.0 0.0199
16 blind 2.0 2314.0 0.0244
16 sigma 0.5 180.7 0.0214
16 mol 1.0 970.0 0.0501
16 sigma 1.0 1249.0 0.0493
16 blind 0.5 0.0 0.0106
16 sigma 2.0 4751.7 0.0707
16 mol 0.5 180.7 0.0195
16 blind 1.0 640.3 0.0347
16 mol 2.0 4590.1 0.0749
17 mol 0.5 180.7 0.0194
17 sigma 1.0 1182.4 0.042
17 sigma 0.5 180.7 0.0212
17 mol 1.0 1150.7 0.0474
17 mol 2.0 4758.1 0.0722
17 sigma 2.0 4751.7 0.0659
17 blind 1.0 637.2 0.0315
17 blind 0.5 0.0 0.0153
17 blind 2.0 4067.0 0.052
18 mol 1.0 1153.9 0.0426
18 blind 0.5 0.0 0.0145
18 sigma 0.5 0.0 0.0223
18 blind 1.0 817.8 0.0253
18 blind 2.0 3334.8 0.0383
18 mol 0.5 180.7 0.0192
18 mol 2.0 4758.1 0.0706
18 sigma 1.0 966.8 0.0466
18 sigma 2.0 4751.7 0.0781
19 blind 2.0 2944.9 0.0284
19 mol 2.0 4758.1 0.0748
19 blind 0.5 180.7 0.0156
19 sigma 2.0 4932.4 0.0657
19 mol 0.5 180.7 0.0194
19 blind 1.0 504.0 0.0283
19 mol 1.0 789.3 0.0452
19 sigma 1.0 1486.7 0.0432
19 sigma 0.5 0.0 0.022
20 sigma 1.0 2123.8 0.0392
20 blind 1.0 310.7 0.0197
20 mol 0.5 0.0 0.02
20 blind 2.0 2691.3 0.0362
20 sigma 0.5 180.7 0.0217
20 blind 0.5 180.7 0.0166
20 mol 2.0 4577.4 0.078
20 mol 1.0 1080.9 0.0453
20 sigma 2.0 4751.7 0.058
