1 mol 2.0 3528.1 0.2095
1 blind 0.5 0.0 0.0325
1 blind 1.0 180.7 0.0624
1 mol 1.0 903.4 0.1192
1 mol 0.5 180.7 0.0606
1 sigma 0.5 180.7 0.0613
1 blind 2.0 1927.3 0.0936
1 sigma 1.0 180.7 0.1498
1 sigma 2.0 4197.0 0.2104
2 mol 0.5 180.7 0.0602
2 blind 0.5 0.0 0.0479
2 mol 1.0 361.4 0.1412
2 mol 2.0 3376.0 0.1846
2 blind 1.0 364.5 0.0558
2 sigma 2.0 3880.0 0.1861
2 blind 2.0 2120.7 0.1249
2 sigma 1.0 180.7 0.1329
2 sigma 0.5 180.7 0.0601
3 sigma 1.0 903.4 0.1129
3 mol 2.0 3376.0 0.1857
3 blind 0.5 0.0 0.0264
3 sigma 0.5 180.7 0.0604
3 blind 2.0 2466.2 0.1652
3 mol 1.0 177.5 0.1638
3 blind 1.0 0.0 0.098
3 sigma 2.0 3854.6 0.1995
3 mol 0.5 0.0 0.0644
4 sigma 1.0 177.5 0.1544
4 sigma 2.0 3699.3 0.2057
4 blind 0.5 180.7 0.0425
4 blind 1.0 358.2 0.05
4 blind 2.0 1401.1 0.1064
4 mol 2.0 3350.6 0.2013
4 sigma 0.5 180.7 0.0625
4 mol 1.0 906.6 0.1246
4 mol 0.5 180.7 0.0565
5 sigma 2.0 3880.0 0.1864
5 mol 0.5 180.7 0.0622
5 sigma 1.0 1271.1 0.118
5 sigma 0.5 180.7 0.0554
5 blind 2.0 1540.6 0.0591
5 blind 1.0 545.2 0.0683
5 blind 0.5 0.0 0.0486
5 mol 2.0 3994.1 0.1782
5 mol 1.0 906.6 0.1137
6 mol 2.0 3195.3 0.2243
6 blind 2.0 1949.5 0.1504
6 mol 0.5 180.7 0.0613
6 mol 1.0 361.4 0.137
6 sigma 0.5 180.7 0.0609
6 sigma 2.0 3880.0 0.2301
6 blind 0.5 0.0 0.0322
6 blind 1.0 0.0 0.0762
6 sigma 1.0 542.1 0.1187
7 sigma 1.0 725.9 0.1206
7 blind 0.5 0.0 0.0252
7 blind 1.0 361.4 0.1062
7 mol 1.0 0.0 0.1645
7 sigma 0.5 0.0 0.0646
7 blind 2.0 1397.9 0.1198
7 mol 0.5 180.7 0.0613
7 sigma 2.0 4016.3 0.1912
7 mol 2.0 3531.3 0.2051
8 mol 1.0 538.9 0.1296
8 sigma 2.0 4197.0 0.1937
8 blind 0.5 0.0 0.0389
8 sigma 0.5 180.7 0.0598
8 blind 1.0 180.7 0.0822
8 sigma 1.0 538.9 0.1366
8 blind 2.0 2082.6 0.0854
8 mol 2.0 3350.6 0.1811
8 mol 0.5 180.7 0.061
9 mol 0.5 180.7 0.06
9 blind 0.5 180.7 0.056
9 mol 1.0 725.9 0.1388
9 sigma 0.5 0.0 0.0638
9 blind 2.0 1730.8 0.0688
9 sigma 1.0 358.2 0.1504
9 sigma 2.0 4013.1 0.2045
9 mol 2.0 3531.3 0.1901
9 blind 1.0 180.7 0.0643
10 mol 2.0 3502.8 0.2289
10 sigma 2.0 3699.3 0.2274
10 blind 1.0 180.7 0.1006
10 sigma 1.0 538.9 0.1293
10 blind 2.0 1772.0 0.1056
10 mol 1.0 358.2 0.152
10 mol 0.5 180.7 0.0607
10 blind 0.5 0.0 0.0399
10 sigma 0.5 0.0 0.0638
11 sigma 2.0 4016.3 0.1951
11 blind 0.5 0.0 0.0345
11 sigma 0.5 0.0 0.0641
11 sigma 1.0 545.2 0.1304
11 mol 2.0 3683.5 0.1847
11 mol 1.0 900.3 0.1226
11 mol 0.5 180.7 0.0599
11 blind 2.0 2076.3 0.1001
11 blind 1.0 180.7 0.1047
12 blind 0.5 0.0 0.0316
12 sigma 0.5 0.0 0.0638
12 mol 0.5 180.7 0.0603
12 sigma 1.0 180.7 0.1431
12 sigma 2.0 4349.1 0.2252
12 blind 2.0 1058.8 0.0599
12 mol 2.0 3350.6 0.1915
12 mol 1.0 542.1 0.1388
12 blind 1.0 177.5 0.0496
13 mol 0.5 0.0 0.0642
13 sigma 0.5 0.0 0.0639
13 sigma 2.0 4168.5 0.2108
13 blind 1.0 0.0 0.0771
13 sigma 1.0 542.1 0.1469
13 blind 0.5 180.7 0.0422
13 mol 2.0 3350.6 0.1939
13 blind 2.0 1404.3 0.0737
13 mol 1.0 361.4 0.1613
14 blind 2.0 1753.0 0.0935
14 sigma 0.5 0.0 0.0638
14 blind 1.0 0.0 0.0409
14 mol 1.0 545.2 0.1456
14 blind 0.5 0.0 0.0254
14 mol 2.0 3502.8 0.2184
14 sigma 2.0 3861.0 0.1741
14 mol 0.5 0.0 0.0641
14 sigma 1.0 542.1 0.1482
15 blind 2.0 2475.7 0.1605
15 sigma 2.0 4168.5 0.168
15 blind 0.5 0.0 0.0239
15 sigma 1.0 361.4 0.1274
15 blind 1.0 177.5 0.0611
15 mol 2.0 3531.3 0.1825
15 mol 1.0 542.1 0.1257
15 sigma 0.5 180.7 0.0608
15 mol 0.5 0.0 0.0639
16 blind 2.0 1540.6 0.0673
16 sigma 0.5 0.0 0.0638
16 mol 1.0 722.7 0.1338
16 sigma 1.0 358.2 0.1533
16 blind 0.5 0.0 0.0444
16 sigma 2.0 3861.0 0.2122
16 mol 0.5 180.7 0.0606
16 blind 1.0 361.4 0.0641
16 mol 2.0 3683.5 0.2243
17 mol 0.5 180.7 0.06
17 sigma 1.0 719.6 0.1208
17 sigma 0.5 180.7 0.0604
17 mol 1.0 180.7 0.1535
17 mol 2.0 3683.5 0.2209
17 sigma 2.0 3854.6 0.198
17 blind 1.0 0.0 0.0727
17 blind 0.5 0.0 0.0341
17 blind 2.0 2837.1 0.1566
18 mol 1.0 542.1 0.1409
18 blind 0.5 0.0 0.0297
18 sigma 0.5 0.0 0.0645
18 blind 1.0 361.4 0.0881
18 blind 2.0 2558.1 0.0872
18 mol 0.5 0.0 0.064
18 mol 2.0 4472.8 0.1423
18 sigma 1.0 1448.7 0.1237
18 sigma 2.0 4621.8 0.1657
19 blind 2.0 1721.3 0.081
19 mol 2.0 3531.3 0.2313
19 blind 0.5 0.0 0.0377
19 sigma 2.0 3880.0 0.2004
19 mol 0.5 180.7 0.061
19 blind 1.0 0.0 0.0924
19 mol 1.0 361.4 0.163
19 sigma 1.0 523.0 0.1536
19 sigma 0.5 0.0 0.0638
20 sigma 1.0 903.4 0.1117
20 blind 1.0 0.0 0.066
20 mol 0.5 0.0 0.0645
20 blind 2.0 1600.8 0.1081
20 sigma 0.5 180.7 0.0625
20 blind 0.5 180.7 0.0591
20 mol 2.0 3350.6 0.2471
20 mol 1.0 180.7 0.1437
20 sigma 2.0 3699.3 0.1805
21 mol 1.0 722.7 0.1271
21 sigma 1.0 545.2 0.1371
21 sigma 0.5 180.7 0.0597
21 blind 1.0 180.7 0.0629
21 blind 2.0 1537.4 0.0926
21 mol 0.5 0.0 0.0646
21 mol 2.0 3195.3 0.2415
21 blind 0.5 0.0 0.0515
21 sigma 2.0 3699.3 0.1907
22 mol 2.0 3531.3 0.2029
22 blind 0.5 0.0 0.0475
22 blind 2.0 1727.6 0.1254
22 sigma 1.0 542.1 0.1321
22 blind 1.0 367.7 0.07
22 mol 1.0 722.7 0.1522
22 sigma 0.5 180.7 0.0615
22 mol 0.5 0.0 0.0664
22 sigma 2.0 3699.3 0.2373
23 blind 0.5 0.0 0.0581
23 mol 2.0 3502.8 0.2026
23 blind 1.0 0.0 0.0467
23 mol 0.5 180.7 0.0613
23 sigma 2.0 3699.3 0.2044
23 blind 2.0 1882.9 0.0635
23 sigma 0.5 180.7 0.0606
23 sigma 1.0 361.4 0.1381
23 mol 1.0 364.5 0.1573
24 mol 0.5 180.7 0.0611
24 sigma 0.5 180.7 0.0601
24 blind 1.0 180.7 0.0713
24 mol 1.0 364.5 0.1563
24 mol 2.0 3376.0 0.2053
24 blind 2.0 2272.8 0.1317
24 sigma 1.0 538.9 0.1336
24 sigma 2.0 3880.0 0.2181
24 blind 0.5 0.0 0.0276
25 mol 2.0 3683.5 0.2159
25 mol 1.0 538.9 0.1316
25 blind 2.0 2050.9 0.067
25 blind 1.0 0.0 0.0678
25 mol 0.5 0.0 0.0647
25 sigma 2.0 4035.3 0.2274
25 sigma 1.0 719.6 0.1345
25 sigma 0.5 180.7 0.0595
25 blind 0.5 0.0 0.0302
26 sigma 2.0 4006.8 0.188
26 sigma 1.0 183.9 0.1537
26 blind 0.5 0.0 0.0495
26 sigma 0.5 180.7 0.0601
26 mol 2.0 3683.5 0.2222
26 mol 1.0 545.2 0.1394
26 blind 1.0 0.0 0.0584
26 blind 2.0 2447.2 0.1165
26 mol 0.5 0.0 0.0644
27 mol 0.5 180.7 0.0601
27 blind 0.5 0.0 0.0181
27 mol 2.0 3350.6 0.2106
27 blind 2.0 1781.5 0.1246
27 sigma 0.5 180.7 0.0624
27 sigma 1.0 722.7 0.1227
27 sigma 2.0 4197.0 0.1846
27 mol 1.0 545.2 0.1328
27 blind 1.0 0.0 0.095
28 blind 1.0 358.2 0.0591
28 mol 0.5 0.0 0.0643
28 sigma 0.5 180.7 0.0606
28 mol 2.0 3502.8 0.2113
28 blind 2.0 2260.2 0.0805
28 blind 0.5 0.0 0.019
28 mol 1.0 183.9 0.1621
28 sigma 2.0 4197.0 0.195
28 sigma 1.0 358.2 0.1326
29 mol 0.5 0.0 0.0644
29 blind 1.0 180.7 0.0566
29 sigma 0.5 180.7 0.0596
29 blind 0.5 0.0 0.0484
29 mol 2.0 3664.4 0.2127
29 mol 1.0 542.1 0.1395
29 sigma 2.0 4041.7 0.2154
29 sigma 1.0 364.5 0.1479
29 blind 2.0 2269.7 0.0757
30 sigma 2.0 3854.6 0.1801
30 mol 2.0 3683.5 0.2025
30 mol 0.5 180.7 0.0612
30 sigma 1.0 1084.1 0.1086
30 blind 0.5 0.0 0.0456
30 sigma 0.5 0.0 0.0643
30 blind 1.0 0.0 0.0507
30 mol 1.0 361.4 0.1363
30 blind 2.0 1597.6 0.0898
31 mol 1.0 361.4 0.1428
31 sigma 2.0 3848.3 0.1903
31 mol 2.0 3195.3 0.1823
31 blind 0.5 180.7 0.0388
31 sigma 1.0 364.5 0.1491
31 mol 0.5 0.0 0.0642
31 blind 2.0 1562.8 0.0825
31 blind 1.0 361.4 0.0999
31 sigma 0.5 0.0 0.0637
32 mol 1.0 538.9 0.1372
32 mol 2.0 3531.3 0.1766
32 sigma 0.5 0.0 0.0636
32 blind 1.0 0.0 0.1126
32 blind 0.5 0.0 0.0327
32 sigma 2.0 3699.3 0.2055
32 blind 2.0 1036.6 0.0674
32 mol 0.5 180.7 0.0603
32 sigma 1.0 719.6 0.1386
33 sigma 0.5 180.7 0.0593
33 mol 1.0 358.2 0.14
33 mol 2.0 3531.3 0.1902
33 sigma 1.0 180.7 0.1498
33 blind 1.0 0.0 0.0868
33 blind 2.0 1753.0 0.0831
33 blind 0.5 0.0 0.0443
33 mol 0.5 0.0 0.0644
33 sigma 2.0 4016.3 0.2216
34 mol 0.5 180.7 0.0612
34 sigma 2.0 4035.3 0.2071
34 blind 0.5 0.0 0.0164
34 blind 1.0 358.2 0.0694
34 sigma 1.0 358.2 0.1305
34 sigma 0.5 180.7 0.0597
34 mol 1.0 538.9 0.158
34 mol 2.0 3376.0 0.2121
34 blind 2.0 1397.9 0.1119
35 sigma 0.5 0.0 0.0643
35 mol 1.0 722.7 0.1445
35 mol 0.5 180.7 0.0598
35 blind 1.0 183.9 0.0506
35 sigma 2.0 4168.5 0.1763
35 sigma 1.0 1084.1 0.1118
35 blind 0.5 0.0 0.0297
35 mol 2.0 3376.0 0.208
35 blind 2.0 2104.8 0.1614
36 sigma 1.0 358.2 0.1439
36 mol 0.5 180.7 0.0602
36 blind 2.0 1959.0 0.1122
36 mol 1.0 364.5 0.1569
36 blind 0.5 0.0 0.0309
36 sigma 2.0 4193.8 0.2325
36 blind 1.0 0.0 0.0782
36 sigma 0.5 0.0 0.0637
36 mol 2.0 3350.6 0.2025
37 mol 1.0 542.1 0.125
37 blind 2.0 1933.7 0.1275
37 blind 0.5 0.0 0.0171
37 blind 1.0 545.2 0.0745
37 mol 0.5 0.0 0.0644
37 sigma 2.0 4197.0 0.1856
37 mol 2.0 3350.6 0.236
37 sigma 0.5 180.7 0.0607
37 sigma 1.0 180.7 0.1505
38 mol 0.5 0.0 0.064
38 sigma 2.0 3880.0 0.1888
38 sigma 1.0 177.5 0.1533
38 mol 1.0 542.1 0.1551
38 sigma 0.5 180.7 0.0603
38 mol 2.0 3376.0 0.1864
38 blind 1.0 180.7 0.1161
38 blind 2.0 1924.1 0.1016
38 blind 0.5 0.0 0.0486
39 sigma 2.0 4013.1 0.2044
39 mol 2.0 3683.5 0.2096
39 blind 0.5 0.0 0.0407
39 blind 1.0 358.2 0.0769
39 sigma 1.0 180.7 0.1457
39 sigma 0.5 180.7 0.0611
39 blind 2.0 1515.2 0.0572
39 mol 1.0 180.7 0.1478
39 mol 0.5 180.7 0.0612
40 blind 2.0 1940.0 0.1063
40 mol 2.0 3531.3 0.2009
40 mol 0.5 0.0 0.0641
40 mol 1.0 180.7 0.1516
40 blind 0.5 0.0 0.0549
40 sigma 2.0 4032.1 0.1827
40 sigma 1.0 364.5 0.1486
40 sigma 0.5 180.7 0.0613
40 blind 1.0 361.4 0.0944
{
 "idle_pre": {
  "process_j": 0.051613064,
  "samples": 120,
  "seconds": 62.93277223200001,
  "cpu_j": 1350.868125132346,
  "gpu_j": 0.0129999773225368,
  "ane_j": 0.0,
  "package_j": 1350.8811251096686,
  "cpu_w": 21.46525692770066,
  "gpu_w": 0.000206569278000542,
  "package_w": 21.46546349697866
 },
 "main": {
  "process_j": 42.354024569,
  "main_run_s": 12.8945791721344,
  "window_process_s": 94.865445125,
  "samples": 180,
  "seconds": 94.34900323700002,
  "cpu_j": 2143.1390323820738,
  "gpu_j": 0.046999995563044,
  "ane_j": 0.0,
  "package_j": 2143.186032377637,
  "cpu_w": 22.715015091347755,
  "gpu_w": 0.000498150419723909,
  "package_w": 22.715513241767482,
  "package_net_j": 121.80655296736563,
  "cpu_net_j": 121.77678147021584,
  "ratio_package_net_to_process": 2.875914489989671,
  "ratio_cpu_net_to_process": 2.8752115698432914
 },
 "idle_post": {
  "process_j": 0.053687332,
  "samples": 120,
  "seconds": 63.03635764500001,
  "cpu_j": 1347.9292653163504,
  "gpu_j": 0.00999999789719528,
  "ane_j": 0.0,
  "package_j": 1347.9392653142477,
  "cpu_w": 21.383362168662153,
  "gpu_w": 0.00015863857416242183,
  "package_w": 21.383520807236316
 },
 "baseline_package_w": 21.42449215210749,
 "baseline_cpu_w": 21.424309548181405,
 "baseline_drift_package_w": -0.08194268974234475,
 "quiet_window": "no",
 "guard_final": {
  "step_floor": 0.000401074,
  "close_reserve": 0.000835471
 }
}
